Microchip MPLAB XC8 Compiler V3.10

Linker command line:

-W-3 \
  --edf=C:\Program Files\Microchip\xc8\v3.10\pic\dat\20250813170317_en.msgs \
  -cn \
  -h+dist/default/production\Sistemas-Operacionais-Embarcados.production.sym \
  --cmf=dist/default/production\Sistemas-Operacionais-Embarcados.production.cmf \
  -z -Q18F4550 \
  -oC:\Users\Alisson\AppData\Local\Temp\xcAsimc.0\driver_tmp_3.o \
  --defsym=__MPLAB_BUILD=1 --fixupoverflow=error \
  -Mdist/default/production/Sistemas-Operacionais-Embarcados.production.map \
  --md=C:\Users\Alisson\AppData\Local\Temp\xcAsimc.0\driver_tmp_0.dat -E1 \
  -ver=XC8 Compiler -ASTACK=04B7h-07FFh -pstack=STACK -ACODE=00h-07FFFh \
  -ACONST=00h-07FFFh -ASMALLCONST=0800h-08FFhx120 \
  -AMEDIUMCONST=0800h-07FFFh -ACOMRAM=01h-05Fh -AABS1=00h-07FFh \
  -ABIGRAM=01h-07FFh -ARAM=060h-0FFh,0100h-01FFhx7 -ABANK0=060h-0FFh \
  -ABANK1=0100h-01FFh -ABANK2=0200h-02FFh -ABANK3=0300h-03FFh \
  -ABANK4=0400h-04FFh -ABANK5=0500h-05FFh -ABANK6=0600h-06FFh \
  -ABANK7=0700h-07FFh -ASFR=0F60h-0FFFh -ABIGSFR=0F60h-0FFFh \
  -ACONFIG=0300000h-030000Dh -AIDLOC=0200000h-0200007h \
  -AEEDATA=0F00000h-0F000FFh -peeprom_data=EEDATA \
  -preset_vec=00h,intcode=8h,intcodelo=18h,sivt_lo,sivt_hi=CODE \
  -ppowerup=CODE,init -pramtop=0800h -psmallconst=SMALLCONST \
  -pmediumconst=MEDIUMCONST -pconst=CONST -AFARRAM=00h-00h \
  -prdata=COMRAM,nvrram=COMRAM,nvbit=COMRAM,rbss=COMRAM,rbit=COMRAM \
  -pfarbss=FARRAM,fardata=FARRAM,nvFARRAM=FARRAM \
  -pintsave_regs=BIGRAM,bigbss=BIGRAM,bigdata=BIGRAM -pbss=RAM \
  -pidata=CODE,irdata=CODE,ibigdata=CODE,ifardata=CODE -prparam=COMRAM \
  C:\Users\Alisson\AppData\Local\Temp\xcAsimc.0\driver_tmp_9.o \
  dist/default/production\Sistemas-Operacionais-Embarcados.production.o 

Object code version is 3.11

Machine type is 18F4550



                Name                               Link     Load   Length Selector   Space Scale
C:\Users\Alisson\AppData\Local\Temp\xcAsimc.0\driver_tmp_9.o
                stack                               4B7      4B7      349      4B7       2
                init                                  C        C        8        4       0
                reset_vec                             0        0        4        0       0
dist/default/production\Sistemas-Operacionais-Embarcados.production.o
                intcode                               8        8        4        4       0
                smallconst                          800      800        2      400       0
                text36                             1898     1898       88      401       0
                intcode_body                        802      802      2BE      401       0
                text34                             1AA2     1AA2       4E      401       0
                text33                             1C7C     1C7C       1A      401       0
                text32                             1380     1380       E2      401       0
                text31                             1920     1920       76      401       0
                text30                             1BCA     1BCA       2E      401       0
                text29                             1A50     1A50       52      401       0
                text28                             1608     1608       BE      401       0
                text27                             1538     1538       D0      401       0
                text26                             1CCC     1CCC        E      401       0
                text25                              AC0      AC0      2B6      401       0
                text24                             1CFC     1CFC        A      401       0
                text23                             177C     177C       90      401       0
                text22                             1CF2     1CF2        A      401       0
                text21                              D76      D76      250      401       0
                text20                             1462     1462       D6      401       0
                text19                             1288     1288       F8      401       0
                text18                             1B9C     1B9C       2E      401       0
                text17                             16C6     16C6       B6      401       0
                text16                             1BF8     1BF8       28      401       0
                text15                             180C     180C       8C      401       0
                text14                             1D06     1D06        4      401       0
                text13                             1C62     1C62       1A      401       0
                text12                             1CE6     1CE6        C      401       0
                text11                             1C20     1C20       22      401       0
                text10                             1154     1154      134      401       0
                text9                               FC6      FC6      18E      401       0
                text8                              1B6E     1B6E       2E      401       0
                text7                              19F6     19F6       5A      401       0
                text6                              1CBE     1CBE        E      401       0
                text5                              1C42     1C42       20      401       0
                text4                              1CAA     1CAA       14      401       0
                text3                              1CDA     1CDA        C      401       0
                text2                              1AF0     1AF0       4C      401       0
                text1                              1C96     1C96       14      401       0
                text0                              1996     1996       60      401       0
                cstackCOMRAM                         4F       4F        E       39       1
                bssBIGRAM                            A2       A2      415       A2       1
                bssBANK0                             60       60       42       60       1
                bssCOMRAM                            39       39       16       39       1
                cinit                              1B3C     1B3C       32      401       0

TOTAL           Name                               Link     Load   Length     Space
        CLASS   STACK          
                stack                               4B7      4B7      349         2

        CLASS   CODE           
                intcode                               8        8        4         0
                init                                  C        C        8         0
                reset_vec                             0        0        4         0
                text36                             1898     1898       88         0
                intcode_body                        802      802      2BE         0
                text34                             1AA2     1AA2       4E         0
                text33                             1C7C     1C7C       1A         0
                text32                             1380     1380       E2         0
                text31                             1920     1920       76         0
                text30                             1BCA     1BCA       2E         0
                text29                             1A50     1A50       52         0
                text28                             1608     1608       BE         0
                text27                             1538     1538       D0         0
                text26                             1CCC     1CCC        E         0
                text25                              AC0      AC0      2B6         0
                text24                             1CFC     1CFC        A         0
                text23                             177C     177C       90         0
                text22                             1CF2     1CF2        A         0
                text21                              D76      D76      250         0
                text20                             1462     1462       D6         0
                text19                             1288     1288       F8         0
                text18                             1B9C     1B9C       2E         0
                text17                             16C6     16C6       B6         0
                text16                             1BF8     1BF8       28         0
                text15                             180C     180C       8C         0
                text14                             1D06     1D06        4         0
                text13                             1C62     1C62       1A         0
                text12                             1CE6     1CE6        C         0
                text11                             1C20     1C20       22         0
                text10                             1154     1154      134         0
                text9                               FC6      FC6      18E         0
                text8                              1B6E     1B6E       2E         0
                text7                              19F6     19F6       5A         0
                text6                              1CBE     1CBE        E         0
                text5                              1C42     1C42       20         0
                text4                              1CAA     1CAA       14         0
                text3                              1CDA     1CDA        C         0
                text2                              1AF0     1AF0       4C         0
                text1                              1C96     1C96       14         0
                text0                              1996     1996       60         0
                cinit                              1B3C     1B3C       32         0

        CLASS   CONST          

        CLASS   SMALLCONST     
                smallconst                          800      800        2         0

        CLASS   MEDIUMCONST    

        CLASS   COMRAM         
                cstackCOMRAM                         4F       4F        E         1
                bssCOMRAM                            39       39       16         1

        CLASS   ABS1           
                abs_s1                                1        1       38         1

        CLASS   BIGRAM         
                bssBIGRAM                            A2       A2      415         1

        CLASS   RAM            

        CLASS   BANK0          
                bssBANK0                             60       60       42         1

        CLASS   BANK1          

        CLASS   BANK2          

        CLASS   BANK3          

        CLASS   BANK4          

        CLASS   BANK5          

        CLASS   BANK6          

        CLASS   BANK7          

        CLASS   SFR            

        CLASS   BIGSFR         

        CLASS   CONFIG         

        CLASS   IDLOC          

        CLASS   EEDATA         

        CLASS   FARRAM         

        CLASS   HEAP           



SEGMENTS        Name                           Load    Length   Top    Selector   Space  Class

                reset_vec                      000000  000004  000004         0       0  CODE    
                intcode                        000008  00000C  000014         4       0  CODE    
                bssCOMRAM                      000039  000024  00005D        39       1  COMRAM  
                bssBANK0                       000060  000042  0000A2        60       1  BANK0   
                bssBIGRAM                      0000A2  000415  0004B7        A2       1  BIGRAM  
                stack                          0004B7  000349  000800       4B7       2  STACK   
                smallconst                     000800  000002  000802       400       0  SMALLCON
                intcode_body                   000802  001508  001D0A       401       0  CODE    


UNUSED ADDRESS RANGES

        Name                Unused          Largest block    Delta
        BANK4            04B7-04FF             49
        BANK5            0500-05FF            100
        BANK6            0600-06FF            100
        BANK7            0700-07FF            100
        BIGRAM           005D-005F              3
                         04B7-07FF            349
        BIGSFR           0F60-0FFF             A0
        CODE             0004-0007              4
                         0014-07FF            7EC
                         1D0A-7FFF           62F6
        COMRAM           005D-005F              3
        CONFIG           300000-30000D              E
        CONST            0004-0007              4
                         0014-07FF            7EC
                         1D0A-7FFF           62F6
        EEDATA           F00000-F000FF            100
        IDLOC            200000-200007              8
        MEDIUMCONST      1D0A-7FFF           62F6
        RAM              04B7-07FF            100
        SFR              0F60-0FFF             A0
        SMALLCONST       1D0A-7FFF            100

                                  Symbol Table

_ADCON0bits                           (abs)        0FC2
_ADCON1bits                           (abs)        0FC1
_ADCON2bits                           (abs)        0FC0
_ADRES                                (abs)        0FC3
_BSR                                  (abs)        0FE0
_CCP1CONbits                          (abs)        0FBD
_CCPR1L                               (abs)        0FBE
_INTCONbits                           (abs)        0FF2
_ISR_TIMER_0                          intcode      0008
_LATDbits                             (abs)        0F8C
_PORTDbits                            (abs)        0F83
_PR2                                  (abs)        0FCB
_SRAMInitHeap                         text15       180C
_SRAMalloc                            text9        0FC6
_STATUS                               (abs)        0FD8
_STKPTR                               (abs)        0FFC
_T0CONbits                            (abs)        0FD5
_T2CONbits                            (abs)        0FCA
_TMR0                                 (abs)        0FD6
_TOS                                  (abs)        0FFD
_TRISCbits                            (abs)        0F94
_TRISDbits                            (abs)        0F95
_WREG                                 (abs)        0FE8
__HRAM                                (abs)        0000
__H__absolute__                       __absolute__ 0000
__Habs1                               abs1         0000
__Hbank0                              bank0        0000
__Hbank1                              bank1        0000
__Hbank2                              bank2        0000
__Hbank3                              bank3        0000
__Hbank4                              bank4        0000
__Hbank5                              bank5        0000
__Hbank6                              bank6        0000
__Hbank7                              bank7        0000
__Hbigbss                             bigbss       0000
__Hbigdata                            bigdata      0000
__Hbigram                             bigram       0000
__Hbigsfr                             bigsfr       0000
__Hbss                                bss          0000
__HbssBANK0                           bssBANK0     0000
__HbssBIGRAM                          bssBIGRAM    0000
__HbssCOMRAM                          bssCOMRAM    0000
__Hcinit                              cinit        0000
__Hclrtext                            clrtext      0000
__Hcomram                             comram       0000
__Hconfig                             config       0000
__Hconst                              const        0000
__HcstackCOMRAM                       cstackCOMRAM 0000
__Hdata                               data         0000
__Heeprom_data                        eeprom_data  0000
__Hfarbss                             farbss       0000
__Hfardata                            fardata      0000
__Hheap                               heap         0000
__Hibigdata                           ibigdata     0000
__Hidata                              idata        0000
__Hidloc                              idloc        0000
__Hifardata                           ifardata     0000
__Hinit                               init         0014
__Hintcode                            intcode      000C
__Hintcode_body                       intcode_body 0000
__Hintcodelo                          intcodelo    0018
__Hintentry                           intentry     0000
__Hintret                             intret       0000
__Hintsave_regs                       intsave_regs 0000
__Hirdata                             irdata       0000
__Hmediumconst                        mediumconst  0000
__HnvFARRAM                           nvFARRAM     0000
__Hnvbit                              nvbit        0000
__Hnvrram                             nvrram       0000
__Hparam                              rparam       0000
__Hpowerup                            powerup      0000
__Hram                                ram          0000
__Hramtop                             ramtop       0800
__Hrbit                               rbit         0000
__Hrbss                               rbss         0000
__Hrdata                              rdata        0000
__Hreset_vec                          reset_vec    0004
__Hrparam                             rparam       0000
__Hsfr                                sfr          0000
__Hsivt_hi                            sivt_hi      0000
__Hsivt_lo                            sivt_lo      0018
__Hsmallconst                         smallconst   0802
__Hspace_0                            (abs)        1D0A
__Hspace_1                            (abs)        04B7
__Hspace_2                            (abs)        0800
__Hspace_4                            (abs)        0000
__Hstack                              stack        0800
__Hstruct                             struct       0000
__Htemp                               temp         0000
__Htext                               text         0000
__Htext0                              text0        0000
__Htext1                              text1        0000
__Htext10                             text10       0000
__Htext11                             text11       0000
__Htext12                             text12       0000
__Htext13                             text13       0000
__Htext14                             text14       0000
__Htext15                             text15       0000
__Htext16                             text16       0000
__Htext17                             text17       0000
__Htext18                             text18       0000
__Htext19                             text19       0000
__Htext2                              text2        0000
__Htext20                             text20       0000
__Htext21                             text21       0000
__Htext22                             text22       0000
__Htext23                             text23       0000
__Htext24                             text24       0000
__Htext25                             text25       0000
__Htext26                             text26       0000
__Htext27                             text27       0000
__Htext28                             text28       0000
__Htext29                             text29       0000
__Htext3                              text3        0000
__Htext30                             text30       0000
__Htext31                             text31       0000
__Htext32                             text32       0000
__Htext33                             text33       0000
__Htext34                             text34       0000
__Htext36                             text36       0000
__Htext4                              text4        0000
__Htext5                              text5        0000
__Htext6                              text6        0000
__Htext7                              text7        0000
__Htext8                              text8        0000
__Htext9                              text9        0000
__LRAM                                (abs)        0001
__L__absolute__                       __absolute__ 0000
__Labs1                               abs1         0000
__Lbank0                              bank0        0000
__Lbank1                              bank1        0000
__Lbank2                              bank2        0000
__Lbank3                              bank3        0000
__Lbank4                              bank4        0000
__Lbank5                              bank5        0000
__Lbank6                              bank6        0000
__Lbank7                              bank7        0000
__Lbigbss                             bigbss       0000
__Lbigdata                            bigdata      0000
__Lbigram                             bigram       0000
__Lbigsfr                             bigsfr       0000
__Lbss                                bss          0000
__LbssBANK0                           bssBANK0     0000
__LbssBIGRAM                          bssBIGRAM    0000
__LbssCOMRAM                          bssCOMRAM    0000
__Lcinit                              cinit        0000
__Lclrtext                            clrtext      0000
__Lcomram                             comram       0000
__Lconfig                             config       0000
__Lconst                              const        0000
__LcstackCOMRAM                       cstackCOMRAM 0000
__Ldata                               data         0000
__Leeprom_data                        eeprom_data  0000
__Lfarbss                             farbss       0000
__Lfardata                            fardata      0000
__Lheap                               heap         0000
__Libigdata                           ibigdata     0000
__Lidata                              idata        0000
__Lidloc                              idloc        0000
__Lifardata                           ifardata     0000
__Linit                               init         000C
__Lintcode                            intcode      0008
__Lintcode_body                       intcode_body 0000
__Lintcodelo                          intcodelo    0018
__Lintentry                           intentry     0000
__Lintret                             intret       0000
__Lintsave_regs                       intsave_regs 0000
__Lirdata                             irdata       0000
__Lmediumconst                        mediumconst  0000
__LnvFARRAM                           nvFARRAM     0000
__Lnvbit                              nvbit        0000
__Lnvrram                             nvrram       0000
__Lparam                              rparam       0000
__Lpowerup                            powerup      0000
__Lram                                ram          0000
__Lramtop                             ramtop       0800
__Lrbit                               rbit         0000
__Lrbss                               rbss         0000
__Lrdata                              rdata        0000
__Lreset_vec                          reset_vec    0000
__Lrparam                             rparam       0000
__Lsfr                                sfr          0000
__Lsivt_hi                            sivt_hi      0000
__Lsivt_lo                            sivt_lo      0018
__Lsmallconst                         smallconst   0800
__Lspace_0                            (abs)        0000
__Lspace_1                            (abs)        0000
__Lspace_2                            (abs)        0000
__Lspace_4                            (abs)        0000
__Lstack                              stack        04B7
__Lstruct                             struct       0000
__Ltemp                               temp         0000
__Ltext                               text         0000
__Ltext0                              text0        0000
__Ltext1                              text1        0000
__Ltext10                             text10       0000
__Ltext11                             text11       0000
__Ltext12                             text12       0000
__Ltext13                             text13       0000
__Ltext14                             text14       0000
__Ltext15                             text15       0000
__Ltext16                             text16       0000
__Ltext17                             text17       0000
__Ltext18                             text18       0000
__Ltext19                             text19       0000
__Ltext2                              text2        0000
__Ltext20                             text20       0000
__Ltext21                             text21       0000
__Ltext22                             text22       0000
__Ltext23                             text23       0000
__Ltext24                             text24       0000
__Ltext25                             text25       0000
__Ltext26                             text26       0000
__Ltext27                             text27       0000
__Ltext28                             text28       0000
__Ltext29                             text29       0000
__Ltext3                              text3        0000
__Ltext30                             text30       0000
__Ltext31                             text31       0000
__Ltext32                             text32       0000
__Ltext33                             text33       0000
__Ltext34                             text34       0000
__Ltext36                             text36       0000
__Ltext4                              text4        0000
__Ltext5                              text5        0000
__Ltext6                              text6        0000
__Ltext7                              text7        0000
__Ltext8                              text8        0000
__Ltext9                              text9        0000
__S0                                  (abs)        1D0A
__S1                                  (abs)        04B7
__S2                                  (abs)        0800
__S4                                  (abs)        0000
__S5                                  (abs)        0000
__SRAMmerge                           text10       1154
___awmod                              text28       1608
___heap_hi                            (abs)        0000
___heap_lo                            (abs)        0000
___inthi_sp                           stack        065C
___inthi_stack_hi                     stack        0800
___inthi_stack_lo                     stack        065C
___intlo_sp                           stack        0800
___param_bank                         (abs)        0000
___rparam_used                        (abs)        0001
___sp                                 stack        04B7
___stack_hi                           stack        065C
___stack_lo                           stack        04B7
__accesstop                           (abs)        0060
__activetblptr                        (abs)        0000
__end_of_ISR_TIMER_0                  intcode_body 0AC0
__end_of_SRAMInitHeap                 text15       1898
__end_of_SRAMalloc                    text9        1154
__end_of__SRAMmerge                   text10       1288
__end_of___awmod                      text28       16C6
__end_of__initialization              cinit        1B68
__end_of_adc_go                       text12       1CF2
__end_of_adc_read                     text33       1C96
__end_of_conf_interrupts              text14       1D0A
__end_of_conf_timer_0                 text13       1C7C
__end_of_config_adc                   text11       1C42
__end_of_config_app                   text2        1B3C
__end_of_create_pipe                  text7        1A50
__end_of_main                         text0        19F6
__end_of_mutex_init                   text6        1CCC
__end_of_mutex_lock                   text24       1D06
__end_of_mutex_unlock                 text22       1CFC
__end_of_os_config                    text16       1C20
__end_of_os_create_task               text17       177C
__end_of_os_delay                     text21       0FC6
__end_of_os_idle_task                 text18       1BCA
__end_of_os_start                     text1        1CAA
__end_of_os_task_time_decrease        text36       1920
__end_of_priority_scheduler           text27       1608
__end_of_pwm_init                     text5        1C62
__end_of_pwm_set_duty_cycle           text30       1BF8
__end_of_read_pipe                    text20       1538
__end_of_scheduler                    text26       1CDA
__end_of_sem_init                     text8        1B9C
__end_of_sem_post                     text23       180C
__end_of_sem_wait                     text25       0D76
__end_of_set_channel                  text4        1CBE
__end_of_set_port                     text3        1CE6
__end_of_tarefa_controle_central      text19       1380
__end_of_tarefa_controle_motores      text29       1AA2
__end_of_tarefa_leitura_sensores      text31       1996
__end_of_tarefa_monitoramento_bateria text34       1AF0
__end_of_write_pipe                   text32       1462
__initialization                      cinit        1B3C
__mediumconst                         smallconst   0800
__pbssBANK0                           bssBANK0     0060
__pbssBIGRAM                          bssBIGRAM    00A2
__pbssCOMRAM                          bssCOMRAM    0039
__pcinit                              cinit        1B3C
__pcstackCOMRAM                       cstackCOMRAM 004F
__pintcode                            intcode      0008
__pintcode_body                       intcode_body 0802
__psmallconst                         smallconst   0800
__ptext0                              text0        1996
__ptext1                              text1        1C96
__ptext10                             text10       1154
__ptext11                             text11       1C20
__ptext12                             text12       1CE6
__ptext13                             text13       1C62
__ptext14                             text14       1D06
__ptext15                             text15       180C
__ptext16                             text16       1BF8
__ptext17                             text17       16C6
__ptext18                             text18       1B9C
__ptext19                             text19       1288
__ptext2                              text2        1AF0
__ptext20                             text20       1462
__ptext21                             text21       0D76
__ptext22                             text22       1CF2
__ptext23                             text23       177C
__ptext24                             text24       1CFC
__ptext25                             text25       0AC0
__ptext26                             text26       1CCC
__ptext27                             text27       1538
__ptext28                             text28       1608
__ptext29                             text29       1A50
__ptext3                              text3        1CDA
__ptext30                             text30       1BCA
__ptext31                             text31       1920
__ptext32                             text32       1380
__ptext33                             text33       1C7C
__ptext34                             text34       1AA2
__ptext36                             text36       1898
__ptext4                              text4        1CAA
__ptext5                              text5        1C42
__ptext6                              text6        1CBE
__ptext7                              text7        19F6
__ptext8                              text8        1B6E
__ptext9                              text9        0FC6
__ramtop                              ramtop       0800
__smallconst                          smallconst   0800
__uDynamicHeap                        bssBIGRAM    02B7
_adc_go                               text12       1CE6
_adc_read                             text33       1C7C
_conf_interrupts                      text14       1D06
_conf_timer_0                         text13       1C62
_config_adc                           text11       1C20
_config_app                           text2        1AF0
_create_pipe                          text7        19F6
_main                                 text0        1996
_mutex_init                           text6        1CBE
_mutex_lock                           text24       1CFC
_mutex_motores                        bssCOMRAM    0041
_mutex_unlock                         text22       1CF2
_os_config                            text16       1BF8
_os_create_task                       text17       16C6
_os_delay                             text21       0D76
_os_idle_task                         text18       1B9C
_os_start                             text1        1C96
_os_task_time_decrease                text36       1898
_pipe_bateria                         bssBANK0     0060
_pipe_sensores                        bssBANK0     0081
_priority_scheduler                   text27       1538
_pwm_init                             text5        1C42
_pwm_set_duty_cycle                   text30       1BCA
_read_pipe                            text20       1462
_readyQueue                           bssBIGRAM    00A2
_scheduler                            text26       1CCC
_sem_init                             text8        1B6E
_sem_post                             text23       177C
_sem_wait                             text25       0AC0
_set_channel                          text4        1CAA
_set_port                             text3        1CDA
_tarefa_controle_central              text19       1288
_tarefa_controle_motores              text29       1A50
_tarefa_leitura_sensores              text31       1920
_tarefa_monitoramento_bateria         text34       1AA2
_velocidade_motores                   bssCOMRAM    0039
_write_pipe                           text32       1380
btemp                                 (abs)        0001
btemp0                                (abs)        0001
btemp1                                (abs)        0002
btemp10                               (abs)        000B
btemp11                               (abs)        000C
btemp12                               (abs)        000D
btemp13                               (abs)        000E
btemp14                               (abs)        000F
btemp15                               (abs)        0010
btemp16                               (abs)        0011
btemp17                               (abs)        0012
btemp18                               (abs)        0013
btemp19                               (abs)        0014
btemp2                                (abs)        0003
btemp20                               (abs)        0015
btemp21                               (abs)        0016
btemp22                               (abs)        0017
btemp23                               (abs)        0018
btemp24                               (abs)        0019
btemp25                               (abs)        001A
btemp26                               (abs)        001B
btemp27                               (abs)        001C
btemp28                               (abs)        001D
btemp29                               (abs)        001E
btemp3                                (abs)        0004
btemp30                               (abs)        001F
btemp31                               (abs)        0020
btemp32                               (abs)        0021
btemp33                               (abs)        0022
btemp34                               (abs)        0023
btemp35                               (abs)        0024
btemp36                               (abs)        0025
btemp37                               (abs)        0026
btemp38                               (abs)        0027
btemp39                               (abs)        0028
btemp4                                (abs)        0005
btemp40                               (abs)        0029
btemp41                               (abs)        002A
btemp42                               (abs)        002B
btemp43                               (abs)        002C
btemp44                               (abs)        002D
btemp45                               (abs)        002E
btemp46                               (abs)        002F
btemp47                               (abs)        0030
btemp48                               (abs)        0031
btemp49                               (abs)        0032
btemp5                                (abs)        0006
btemp50                               (abs)        0033
btemp51                               (abs)        0034
btemp52                               (abs)        0035
btemp53                               (abs)        0036
btemp54                               (abs)        0037
btemp55                               (abs)        0038
btemp6                                (abs)        0007
btemp7                                (abs)        0008
btemp8                                (abs)        0009
btemp9                                (abs)        000A
end_of_initialization                 cinit        1B68
int_func                              intcode_body 0802
intlevel0                             text         0000
intlevel1                             text         0000
intlevel2                             text         0000
intlevel3                             text         0000
isa$std                               (abs)        0001
isa$xinst                             (abs)        0000
lltemp0                               (abs)        0001
lltemp1                               (abs)        0009
lltemp2                               (abs)        0011
lltemp3                               (abs)        0019
lltemp4                               (abs)        0021
lltemp5                               (abs)        0029
lltemp6                               (abs)        0031
ltemp0                                (abs)        0001
ltemp1                                (abs)        0005
ltemp10                               (abs)        0029
ltemp11                               (abs)        002D
ltemp12                               (abs)        0031
ltemp13                               (abs)        0035
ltemp2                                (abs)        0009
ltemp3                                (abs)        000D
ltemp4                                (abs)        0011
ltemp5                                (abs)        0015
ltemp6                                (abs)        0019
ltemp7                                (abs)        001D
ltemp8                                (abs)        0021
ltemp9                                (abs)        0025
stackhi                               (abs)        07FF
stacklo                               (abs)        04B7
start                                 init         000C
start_initialization                  cinit        1B3C
ttemp0                                (abs)        0001
ttemp1                                (abs)        0005
ttemp10                               (abs)        0029
ttemp11                               (abs)        002D
ttemp12                               (abs)        0031
ttemp13                               (abs)        0035
ttemp2                                (abs)        0009
ttemp3                                (abs)        000D
ttemp4                                (abs)        0011
ttemp5                                (abs)        0015
ttemp6                                (abs)        0019
ttemp7                                (abs)        001D
ttemp8                                (abs)        0021
ttemp9                                (abs)        0025
wtemp0                                (abs)        0001
wtemp1                                (abs)        0003
wtemp10                               (abs)        0015
wtemp11                               (abs)        0017
wtemp12                               (abs)        0019
wtemp13                               (abs)        001B
wtemp14                               (abs)        001D
wtemp15                               (abs)        001F
wtemp16                               (abs)        0021
wtemp17                               (abs)        0023
wtemp18                               (abs)        0025
wtemp19                               (abs)        0027
wtemp2                                (abs)        0005
wtemp20                               (abs)        0029
wtemp21                               (abs)        002B
wtemp22                               (abs)        002D
wtemp23                               (abs)        002F
wtemp24                               (abs)        0031
wtemp25                               (abs)        0033
wtemp26                               (abs)        0035
wtemp27                               (abs)        0037
wtemp3                                (abs)        0007
wtemp4                                (abs)        0009
wtemp5                                (abs)        000B
wtemp6                                (abs)        000D
wtemp7                                (abs)        000F
wtemp8                                (abs)        0011
wtemp9                                (abs)        0013


MODULE INFORMATION

Module		Function		Class		Link	Load	Size
C:\Program Files\Microchip\xc8\v3.10\pic\sources\c99\common\awmod.c
		___awmod       		CODE           	1608	0000	190

C:\Program Files\Microchip\xc8\v3.10\pic\sources\c99\common\awmod.c estimated size: 190

io.c
		_set_channel   		CODE           	1CAA	0000	20
		_pwm_set_duty_cycle		CODE           	1BCA	0000	46
		_set_port      		CODE           	1CDA	0000	12
		_adc_go        		CODE           	1CE6	0000	12
		_adc_read      		CODE           	1C7C	0000	26
		_pwm_init      		CODE           	1C42	0000	32
		_config_adc    		CODE           	1C20	0000	34

io.c estimated size: 182

kernel.c
		_os_config     		CODE           	1BF8	0000	40
		_os_start      		CODE           	1C96	0000	20
		_os_task_time_decrease		CODE           	1898	0000	136
		_os_idle_task  		CODE           	1B9C	0000	46

kernel.c estimated size: 242

mem.c
		__SRAMmerge    		CODE           	1154	0000	308
		_SRAMalloc     		CODE           	0FC6	0000	398
		_SRAMInitHeap  		CODE           	180C	0000	140

mem.c estimated size: 846

shared
		__initialization		CODE           	1B3C	0000	44

shared estimated size: 44

hardware.c
		_conf_timer_0  		CODE           	1C62	0000	26
		_conf_interrupts		CODE           	1D06	0000	4
		_ISR_TIMER_0   		CODE           	0008	0000	706

hardware.c estimated size: 736

pipe.c
		_read_pipe     		CODE           	1462	0000	214
		_create_pipe   		CODE           	19F6	0000	90
		_write_pipe    		CODE           	1380	0000	226

pipe.c estimated size: 530

scheduler.c
		_priority_scheduler		CODE           	1538	0000	208
		_scheduler     		CODE           	1CCC	0000	14

scheduler.c estimated size: 222

sync.c
		_mutex_lock    		CODE           	1CFC	0000	10
		_mutex_unlock  		CODE           	1CF2	0000	10
		_sem_wait      		CODE           	0AC0	0000	694
		_sem_init      		CODE           	1B6E	0000	46
		_sem_post      		CODE           	177C	0000	144
		_mutex_init    		CODE           	1CBE	0000	14

sync.c estimated size: 918

main.c
		_main          		CODE           	1996	0000	96

main.c estimated size: 96

syscall.c
		_os_delay      		CODE           	0D76	0000	592
		_os_create_task		CODE           	16C6	0000	182

syscall.c estimated size: 774

user_app.c
		_tarefa_monitoramento_bateria		CODE           	1AA2	0000	78
		_tarefa_controle_central		CODE           	1288	0000	248
		_tarefa_leitura_sensores		CODE           	1920	0000	118
		_config_app    		CODE           	1AF0	0000	76
		_tarefa_controle_motores		CODE           	1A50	0000	82

user_app.c estimated size: 602

